
Discarded input sections

 .text          0x00000000        0x0 ./obj/main.o
 .data          0x00000000        0x0 ./obj/main.o
 .bss           0x00000000        0x0 ./obj/main.o
 .text.vTaskLED2
                0x00000000       0x30 ./obj/main.o
 .text.vTaskLED1
                0x00000000       0x30 ./obj/main.o
 .text.startup.main
                0x00000000       0x78 ./obj/main.o
 .text.vApplicationTickHook
                0x00000000        0x4 ./obj/main.o
 .rodata.str1.4
                0x00000000       0x10 ./obj/main.o
 .debug_info    0x00000000      0x294 ./obj/main.o
 .debug_abbrev  0x00000000      0x132 ./obj/main.o
 .debug_loc     0x00000000       0x92 ./obj/main.o
 .debug_aranges
                0x00000000       0x38 ./obj/main.o
 .debug_ranges  0x00000000       0x28 ./obj/main.o
 .debug_line    0x00000000      0x1fc ./obj/main.o
 .debug_str     0x00000000      0x273 ./obj/main.o
 .comment       0x00000000       0x31 ./obj/main.o
 .ARM.attributes
                0x00000000       0x33 ./obj/main.o
 .debug_frame   0x00000000       0x78 ./obj/main.o
 .text          0x00000000        0x0 ./obj/stm32f10x_it.o
 .data          0x00000000        0x0 ./obj/stm32f10x_it.o
 .bss           0x00000000        0x0 ./obj/stm32f10x_it.o
 .text.NMI_Handler
                0x00000000        0x4 ./obj/stm32f10x_it.o
 .text.HardFault_Handler
                0x00000000        0x4 ./obj/stm32f10x_it.o
 .text.MemManage_Handler
                0x00000000        0x4 ./obj/stm32f10x_it.o
 .text.BusFault_Handler
                0x00000000        0x4 ./obj/stm32f10x_it.o
 .text.UsageFault_Handler
                0x00000000        0x4 ./obj/stm32f10x_it.o
 .text.SVC_Handler
                0x00000000        0x4 ./obj/stm32f10x_it.o
 .text.DebugMon_Handler
                0x00000000        0x4 ./obj/stm32f10x_it.o
 .text.PendSV_Handler
                0x00000000        0x4 ./obj/stm32f10x_it.o
 .text.SysTick_Handler
                0x00000000        0x4 ./obj/stm32f10x_it.o
 .debug_info    0x00000000      0x150 ./obj/stm32f10x_it.o
 .debug_abbrev  0x00000000       0x66 ./obj/stm32f10x_it.o
 .debug_aranges
                0x00000000       0x60 ./obj/stm32f10x_it.o
 .debug_ranges  0x00000000       0x50 ./obj/stm32f10x_it.o
 .debug_line    0x00000000      0x182 ./obj/stm32f10x_it.o
 .debug_str     0x00000000      0x173 ./obj/stm32f10x_it.o
 .comment       0x00000000       0x31 ./obj/stm32f10x_it.o
 .ARM.attributes
                0x00000000       0x33 ./obj/stm32f10x_it.o
 .debug_frame   0x00000000       0xa0 ./obj/stm32f10x_it.o
 .text          0x00000000        0x0 ./obj/system_stm32f10x.o
 .data          0x00000000        0x0 ./obj/system_stm32f10x.o
 .bss           0x00000000        0x0 ./obj/system_stm32f10x.o
 .text.SystemInit
                0x00000000      0x130 ./obj/system_stm32f10x.o
 .text.SystemCoreClockUpdate
                0x00000000       0x78 ./obj/system_stm32f10x.o
 .data.AHBPrescTable
                0x00000000       0x10 ./obj/system_stm32f10x.o
 .data.SystemCoreClock
                0x00000000        0x4 ./obj/system_stm32f10x.o
 .debug_info    0x00000000      0x508 ./obj/system_stm32f10x.o
 .debug_abbrev  0x00000000      0x17b ./obj/system_stm32f10x.o
 .debug_loc     0x00000000      0x131 ./obj/system_stm32f10x.o
 .debug_aranges
                0x00000000       0x28 ./obj/system_stm32f10x.o
 .debug_ranges  0x00000000       0x90 ./obj/system_stm32f10x.o
 .debug_line    0x00000000      0x1c7 ./obj/system_stm32f10x.o
 .debug_str     0x00000000      0x253 ./obj/system_stm32f10x.o
 .comment       0x00000000       0x31 ./obj/system_stm32f10x.o
 .ARM.attributes
                0x00000000       0x33 ./obj/system_stm32f10x.o
 .debug_frame   0x00000000       0x34 ./obj/system_stm32f10x.o

Memory Configuration

Name             Origin             Length             Attributes
FLASH            0x00000000         0x00080000         xr
SRAM             0x20000000         0x00010000         xrw
*default*        0x00000000         0xffffffff

Linker script and memory map

LOAD ./obj/main.o
LOAD ./obj/stm32f10x_it.o
LOAD ./obj/system_stm32f10x.o
LOAD /home/valentin/CodeSourcery/Sourcery_CodeBench_Lite_for_ARM_EABI/bin/../lib/gcc/arm-none-eabi/4.6.1/../../../../arm-none-eabi/lib/thumb2/libstdc++.a
LOAD /home/valentin/CodeSourcery/Sourcery_CodeBench_Lite_for_ARM_EABI/bin/../lib/gcc/arm-none-eabi/4.6.1/../../../../arm-none-eabi/lib/thumb2/libm.a
START GROUP
LOAD /home/valentin/CodeSourcery/Sourcery_CodeBench_Lite_for_ARM_EABI/bin/../lib/gcc/arm-none-eabi/4.6.1/thumb2/libgcc.a
LOAD /home/valentin/CodeSourcery/Sourcery_CodeBench_Lite_for_ARM_EABI/bin/../lib/gcc/arm-none-eabi/4.6.1/../../../../arm-none-eabi/lib/thumb2/libc.a
END GROUP

.text           0x00000000        0x0
 *(.isr_vector)
 *(.text .text.* .gnu.linkonce.t.*)
 *(.rodata .rodata.* .gnu.linkonce.r.*)
 *(.eh_frame_hdr)
 *(.eh_frame)
 *(.ARM.extab* .gnu.linkonce.armextab.*)
 *(.gcc_except_table)
 *(.eh_frame_hdr)
 *(.eh_frame)
                0x00000000                . = ALIGN (0x4)
 *(.init)
                0x00000000                . = ALIGN (0x4)
                0x00000000                __preinit_array_start = .
 *(.preinit_array)
                0x00000000                __preinit_array_end = .
                0x00000000                . = ALIGN (0x4)
                0x00000000                __init_array_start = .
 *(SORT(.init_array.*))
 *(.init_array)
                0x00000000                __init_array_end = .
                0x00000000                . = ALIGN (0x4)
 *crtbegin.o(.ctors)
 *(EXCLUDE_FILE(*crtend.o) .ctors)
 *(SORT(.ctors.*))
 *crtend.o(.ctors)
                0x00000000                . = ALIGN (0x4)
 *(.fini)
                0x00000000                . = ALIGN (0x4)
                0x00000000                __fini_array_start = .
 *(.fini_array)
 *(SORT(.fini_array.*))
                0x00000000                __fini_array_end = .
 *crtbegin.o(.dtors)
 *(EXCLUDE_FILE(*crtend.o) .dtors)
 *(SORT(.dtors.*))
 *crtend.o(.dtors)
                0x00000000                . = ALIGN (0x8)
                0x00000000                _etext = .
                0x00000000                __exidx_start = .

.glue_7         0x00000000        0x0
 .glue_7        0x00000000        0x0 linker stubs

.glue_7t        0x00000000        0x0
 .glue_7t       0x00000000        0x0 linker stubs

.vfp11_veneer   0x00000000        0x0
 .vfp11_veneer  0x00000000        0x0 linker stubs

.v4_bx          0x00000000        0x0
 .v4_bx         0x00000000        0x0 linker stubs

.iplt           0x00000000        0x0
 .iplt          0x00000000        0x0 ./obj/main.o

.rel.dyn        0x00000000        0x0
 .rel.iplt      0x00000000        0x0 ./obj/main.o

.ARM.exidx
 *(.ARM.exidx* .gnu.linkonce.armexidx.*)
                0x00000000                __exidx_end = .
                0x00000000                _flash_data = .

.data           0x20000000        0x0 load address 0x00000000
                0x20000000                _data = .
 *(vtable)
 *(.data*)
                0x20000000                _edata = .

.igot.plt       0x20000000        0x0
 .igot.plt      0x00000000        0x0 ./obj/main.o

.bss            0x20000000        0x0
                0x20000000                _bss = .
 *(.bss*)
 *(COMMON)
                0x20000000                _ebss = .
                0x20000000                _end = .
                0x20000000                __end = .
                0x20000000                PROVIDE (_heap, _end)
                0x2000fff8                PROVIDE (_eheap, ALIGN (((ORIGIN (SRAM) + 0x10000) - 0x8), 0x8))
OUTPUT(./exe/Debug.elf elf32-littlearm)

Cross Reference Table

Symbol                                            File
AHBPrescTable                                     ./obj/system_stm32f10x.o
BusFault_Handler                                  ./obj/stm32f10x_it.o
DebugMon_Handler                                  ./obj/stm32f10x_it.o
GPIO_Init                                         ./obj/main.o
GPIO_ResetBits                                    ./obj/main.o
GPIO_SetBits                                      ./obj/main.o
HardFault_Handler                                 ./obj/stm32f10x_it.o
MemManage_Handler                                 ./obj/stm32f10x_it.o
NMI_Handler                                       ./obj/stm32f10x_it.o
PendSV_Handler                                    ./obj/stm32f10x_it.o
RCC_APB2PeriphClockCmd                            ./obj/main.o
SVC_Handler                                       ./obj/stm32f10x_it.o
SysTick_Handler                                   ./obj/stm32f10x_it.o
SystemCoreClock                                   ./obj/system_stm32f10x.o
SystemCoreClockUpdate                             ./obj/system_stm32f10x.o
SystemInit                                        ./obj/system_stm32f10x.o
UsageFault_Handler                                ./obj/stm32f10x_it.o
main                                              ./obj/main.o
vApplicationTickHook                              ./obj/main.o
vTaskDelay                                        ./obj/main.o
vTaskLED1                                         ./obj/main.o
vTaskLED2                                         ./obj/main.o
vTaskStartScheduler                               ./obj/main.o
xTaskGenericCreate                                ./obj/main.o
