   1              		.syntax unified
   2              		.cpu cortex-m3
   3              		.fpu softvfp
   4              		.eabi_attribute 20, 1
   5              		.eabi_attribute 21, 1
   6              		.eabi_attribute 23, 3
   7              		.eabi_attribute 24, 1
   8              		.eabi_attribute 25, 1
   9              		.eabi_attribute 26, 1
  10              		.eabi_attribute 30, 2
  11              		.eabi_attribute 34, 1
  12              		.eabi_attribute 18, 4
  13              		.thumb
  14              		.file	"stm32f10x_it.c"
  15              		.text
  16              	.Ltext0:
  17              		.cfi_sections	.debug_frame
  18              		.section	.text.NMI_Handler,"ax",%progbits
  19              		.align	2
  20              		.global	NMI_Handler
  21              		.thumb
  22              		.thumb_func
  24              	NMI_Handler:
  25              	.LFB55:
  26              		.file 1 "./src/stm32f10x_it.c"
   1:./src/stm32f10x_it.c **** /**
   2:./src/stm32f10x_it.c ****   ******************************************************************************
   3:./src/stm32f10x_it.c ****   * @file    Project/STM32F10x_StdPeriph_Template/stm32f10x_it.c 
   4:./src/stm32f10x_it.c ****   * @author  MCD Application Team
   5:./src/stm32f10x_it.c ****   * @version V3.5.0
   6:./src/stm32f10x_it.c ****   * @date    08-April-2011
   7:./src/stm32f10x_it.c ****   * @brief   Main Interrupt Service Routines.
   8:./src/stm32f10x_it.c ****   *          This file provides template for all exceptions handler and 
   9:./src/stm32f10x_it.c ****   *          peripherals interrupt service routine.
  10:./src/stm32f10x_it.c ****   ******************************************************************************
  11:./src/stm32f10x_it.c ****   * @attention
  12:./src/stm32f10x_it.c ****   *
  13:./src/stm32f10x_it.c ****   * THE PRESENT FIRMWARE WHICH IS FOR GUIDANCE ONLY AIMS AT PROVIDING CUSTOMERS
  14:./src/stm32f10x_it.c ****   * WITH CODING INFORMATION REGARDING THEIR PRODUCTS IN ORDER FOR THEM TO SAVE
  15:./src/stm32f10x_it.c ****   * TIME. AS A RESULT, STMICROELECTRONICS SHALL NOT BE HELD LIABLE FOR ANY
  16:./src/stm32f10x_it.c ****   * DIRECT, INDIRECT OR CONSEQUENTIAL DAMAGES WITH RESPECT TO ANY CLAIMS ARISING
  17:./src/stm32f10x_it.c ****   * FROM THE CONTENT OF SUCH FIRMWARE AND/OR THE USE MADE BY CUSTOMERS OF THE
  18:./src/stm32f10x_it.c ****   * CODING INFORMATION CONTAINED HEREIN IN CONNECTION WITH THEIR PRODUCTS.
  19:./src/stm32f10x_it.c ****   *
  20:./src/stm32f10x_it.c ****   * <h2><center>&copy; COPYRIGHT 2011 STMicroelectronics</center></h2>
  21:./src/stm32f10x_it.c ****   ******************************************************************************
  22:./src/stm32f10x_it.c ****   */
  23:./src/stm32f10x_it.c **** 
  24:./src/stm32f10x_it.c **** /* Includes ------------------------------------------------------------------*/
  25:./src/stm32f10x_it.c **** #include "stm32f10x_it.h"
  26:./src/stm32f10x_it.c **** 
  27:./src/stm32f10x_it.c **** /** @addtogroup STM32F10x_StdPeriph_Template
  28:./src/stm32f10x_it.c ****   * @{
  29:./src/stm32f10x_it.c ****   */
  30:./src/stm32f10x_it.c **** 
  31:./src/stm32f10x_it.c **** /* Private typedef -----------------------------------------------------------*/
  32:./src/stm32f10x_it.c **** /* Private define ------------------------------------------------------------*/
  33:./src/stm32f10x_it.c **** /* Private macro -------------------------------------------------------------*/
  34:./src/stm32f10x_it.c **** /* Private variables ---------------------------------------------------------*/
  35:./src/stm32f10x_it.c **** /* Private function prototypes -----------------------------------------------*/
  36:./src/stm32f10x_it.c **** /* Private functions ---------------------------------------------------------*/
  37:./src/stm32f10x_it.c **** 
  38:./src/stm32f10x_it.c **** /******************************************************************************/
  39:./src/stm32f10x_it.c **** /*            Cortex-M3 Processor Exceptions Handlers                         */
  40:./src/stm32f10x_it.c **** /******************************************************************************/
  41:./src/stm32f10x_it.c **** 
  42:./src/stm32f10x_it.c **** /**
  43:./src/stm32f10x_it.c ****   * @brief  This function handles NMI exception.
  44:./src/stm32f10x_it.c ****   * @param  None
  45:./src/stm32f10x_it.c ****   * @retval None
  46:./src/stm32f10x_it.c ****   */
  47:./src/stm32f10x_it.c **** void NMI_Handler(void)
  48:./src/stm32f10x_it.c **** {
  27              		.loc 1 48 0
  28              		.cfi_startproc
  29              		@ args = 0, pretend = 0, frame = 0
  30              		@ frame_needed = 0, uses_anonymous_args = 0
  31              		@ link register save eliminated.
  49:./src/stm32f10x_it.c **** }
  32              		.loc 1 49 0
  33 0000 7047     		bx	lr
  34              		.cfi_endproc
  35              	.LFE55:
  37 0002 00BF     		.section	.text.HardFault_Handler,"ax",%progbits
  38              		.align	2
  39              		.global	HardFault_Handler
  40              		.thumb
  41              		.thumb_func
  43              	HardFault_Handler:
  44              	.LFB56:
  50:./src/stm32f10x_it.c **** 
  51:./src/stm32f10x_it.c **** /**
  52:./src/stm32f10x_it.c ****   * @brief  This function handles Hard Fault exception.
  53:./src/stm32f10x_it.c ****   * @param  None
  54:./src/stm32f10x_it.c ****   * @retval None
  55:./src/stm32f10x_it.c ****   */
  56:./src/stm32f10x_it.c **** void HardFault_Handler(void)
  57:./src/stm32f10x_it.c **** {
  45              		.loc 1 57 0
  46              		.cfi_startproc
  47              		@ args = 0, pretend = 0, frame = 0
  48              		@ frame_needed = 0, uses_anonymous_args = 0
  49              		@ link register save eliminated.
  50              	.L3:
  51 0000 FEE7     		b	.L3
  52              		.cfi_endproc
  53              	.LFE56:
  55 0002 00BF     		.section	.text.MemManage_Handler,"ax",%progbits
  56              		.align	2
  57              		.global	MemManage_Handler
  58              		.thumb
  59              		.thumb_func
  61              	MemManage_Handler:
  62              	.LFB57:
  58:./src/stm32f10x_it.c ****   /* Go to infinite loop when Hard Fault exception occurs */
  59:./src/stm32f10x_it.c ****   while (1)
  60:./src/stm32f10x_it.c ****   {
  61:./src/stm32f10x_it.c ****   }
  62:./src/stm32f10x_it.c **** }
  63:./src/stm32f10x_it.c **** 
  64:./src/stm32f10x_it.c **** /**
  65:./src/stm32f10x_it.c ****   * @brief  This function handles Memory Manage exception.
  66:./src/stm32f10x_it.c ****   * @param  None
  67:./src/stm32f10x_it.c ****   * @retval None
  68:./src/stm32f10x_it.c ****   */
  69:./src/stm32f10x_it.c **** void MemManage_Handler(void)
  70:./src/stm32f10x_it.c **** {
  63              		.loc 1 70 0
  64              		.cfi_startproc
  65              		@ args = 0, pretend = 0, frame = 0
  66              		@ frame_needed = 0, uses_anonymous_args = 0
  67              		@ link register save eliminated.
  68              	.L5:
  69 0000 FEE7     		b	.L5
  70              		.cfi_endproc
  71              	.LFE57:
  73 0002 00BF     		.section	.text.BusFault_Handler,"ax",%progbits
  74              		.align	2
  75              		.global	BusFault_Handler
  76              		.thumb
  77              		.thumb_func
  79              	BusFault_Handler:
  80              	.LFB58:
  71:./src/stm32f10x_it.c ****   /* Go to infinite loop when Memory Manage exception occurs */
  72:./src/stm32f10x_it.c ****   while (1)
  73:./src/stm32f10x_it.c ****   {
  74:./src/stm32f10x_it.c ****   }
  75:./src/stm32f10x_it.c **** }
  76:./src/stm32f10x_it.c **** 
  77:./src/stm32f10x_it.c **** /**
  78:./src/stm32f10x_it.c ****   * @brief  This function handles Bus Fault exception.
  79:./src/stm32f10x_it.c ****   * @param  None
  80:./src/stm32f10x_it.c ****   * @retval None
  81:./src/stm32f10x_it.c ****   */
  82:./src/stm32f10x_it.c **** void BusFault_Handler(void)
  83:./src/stm32f10x_it.c **** {
  81              		.loc 1 83 0
  82              		.cfi_startproc
  83              		@ args = 0, pretend = 0, frame = 0
  84              		@ frame_needed = 0, uses_anonymous_args = 0
  85              		@ link register save eliminated.
  86              	.L7:
  87 0000 FEE7     		b	.L7
  88              		.cfi_endproc
  89              	.LFE58:
  91 0002 00BF     		.section	.text.UsageFault_Handler,"ax",%progbits
  92              		.align	2
  93              		.global	UsageFault_Handler
  94              		.thumb
  95              		.thumb_func
  97              	UsageFault_Handler:
  98              	.LFB59:
  84:./src/stm32f10x_it.c ****   /* Go to infinite loop when Bus Fault exception occurs */
  85:./src/stm32f10x_it.c ****   while (1)
  86:./src/stm32f10x_it.c ****   {
  87:./src/stm32f10x_it.c ****   }
  88:./src/stm32f10x_it.c **** }
  89:./src/stm32f10x_it.c **** 
  90:./src/stm32f10x_it.c **** /**
  91:./src/stm32f10x_it.c ****   * @brief  This function handles Usage Fault exception.
  92:./src/stm32f10x_it.c ****   * @param  None
  93:./src/stm32f10x_it.c ****   * @retval None
  94:./src/stm32f10x_it.c ****   */
  95:./src/stm32f10x_it.c **** void UsageFault_Handler(void)
  96:./src/stm32f10x_it.c **** {
  99              		.loc 1 96 0
 100              		.cfi_startproc
 101              		@ args = 0, pretend = 0, frame = 0
 102              		@ frame_needed = 0, uses_anonymous_args = 0
 103              		@ link register save eliminated.
 104              	.L9:
 105 0000 FEE7     		b	.L9
 106              		.cfi_endproc
 107              	.LFE59:
 109 0002 00BF     		.section	.text.DebugMon_Handler,"ax",%progbits
 110              		.align	2
 111              		.global	DebugMon_Handler
 112              		.thumb
 113              		.thumb_func
 115              	DebugMon_Handler:
 116              	.LFB60:
  97:./src/stm32f10x_it.c ****   /* Go to infinite loop when Usage Fault exception occurs */
  98:./src/stm32f10x_it.c ****   while (1)
  99:./src/stm32f10x_it.c ****   {
 100:./src/stm32f10x_it.c ****   }
 101:./src/stm32f10x_it.c **** }
 102:./src/stm32f10x_it.c **** 
 103:./src/stm32f10x_it.c **** /**
 104:./src/stm32f10x_it.c ****   * @brief  This function handles SVCall exception.
 105:./src/stm32f10x_it.c ****   * @param  None
 106:./src/stm32f10x_it.c ****   * @retval None
 107:./src/stm32f10x_it.c ****   */
 108:./src/stm32f10x_it.c **** //void SVC_Handler(void)
 109:./src/stm32f10x_it.c **** //{
 110:./src/stm32f10x_it.c **** //}
 111:./src/stm32f10x_it.c **** 
 112:./src/stm32f10x_it.c **** /**
 113:./src/stm32f10x_it.c ****   * @brief  This function handles Debug Monitor exception.
 114:./src/stm32f10x_it.c ****   * @param  None
 115:./src/stm32f10x_it.c ****   * @retval None
 116:./src/stm32f10x_it.c ****   */
 117:./src/stm32f10x_it.c **** void DebugMon_Handler(void)
 118:./src/stm32f10x_it.c **** {
 117              		.loc 1 118 0
 118              		.cfi_startproc
 119              		@ args = 0, pretend = 0, frame = 0
 120              		@ frame_needed = 0, uses_anonymous_args = 0
 121              		@ link register save eliminated.
 119:./src/stm32f10x_it.c **** }
 122              		.loc 1 119 0
 123 0000 7047     		bx	lr
 124              		.cfi_endproc
 125              	.LFE60:
 127 0002 00BF     		.text
 128              	.Letext0:
 129              		.file 2 "../MyARMLib/CMSIS/include/core_cm3.h"
 130              		.file 3 "/home/valentin/CodeSourcery/Sourcery_CodeBench_Lite_for_ARM_EABI/bin/../lib/gcc/arm-none-
DEFINED SYMBOLS
                            *ABS*:00000000 stm32f10x_it.c
     /tmp/ccYMPBdP.s:19     .text.NMI_Handler:00000000 $t
     /tmp/ccYMPBdP.s:24     .text.NMI_Handler:00000000 NMI_Handler
     /tmp/ccYMPBdP.s:38     .text.HardFault_Handler:00000000 $t
     /tmp/ccYMPBdP.s:43     .text.HardFault_Handler:00000000 HardFault_Handler
     /tmp/ccYMPBdP.s:56     .text.MemManage_Handler:00000000 $t
     /tmp/ccYMPBdP.s:61     .text.MemManage_Handler:00000000 MemManage_Handler
     /tmp/ccYMPBdP.s:74     .text.BusFault_Handler:00000000 $t
     /tmp/ccYMPBdP.s:79     .text.BusFault_Handler:00000000 BusFault_Handler
     /tmp/ccYMPBdP.s:92     .text.UsageFault_Handler:00000000 $t
     /tmp/ccYMPBdP.s:97     .text.UsageFault_Handler:00000000 UsageFault_Handler
     /tmp/ccYMPBdP.s:110    .text.DebugMon_Handler:00000000 $t
     /tmp/ccYMPBdP.s:115    .text.DebugMon_Handler:00000000 DebugMon_Handler
                     .debug_frame:00000010 $d

NO UNDEFINED SYMBOLS
